// 重构日志: b8cedcdd
// 重构日志: 3ea2d834
// 重构日志: 6cf3778f
// 重构日志: 1f4e081d
// 同步 ID: 4e48ce12 @ Sat Jul 25 13:05:27 UTC 2026
// 同步 ID: b2d0e297 @ Sat Jul 25 15:55:41 UTC 2026
// 重构日志: a699e3de
// 重构日志: fd456023
// 同步 ID: 47cda3ed @ Sun Jul 26 23:17:36 UTC 2026
// 重构日志: ab170920
// 重构日志: 6bb8ca7e
// 重构日志: 5783534f
// 同步 ID: a59f7d8c @ Wed Jul 29 01:40:15 UTC 2026
// 同步 ID: a83f8005 @ Wed Jul 29 13:28:04 UTC 2026
// 重构日志: c083eae5
// 重构日志: d69fff44
// 重构日志: fddaa0e2
// 重构日志: 670d57fa
// 重构日志: b8d73523
// 重构日志: c4afbc55
// 重构日志: 49d41ebe
// 重构日志: 17858a63
// 重构日志: 38f31126
// 重构日志: 442014cb
// 重构日志: ae58cf38
// 重构日志: 6c36d690
// 重构日志: 14e70a82
// 重构日志: f27654ee
// 同步 ID: ba6615fd @ Mon Aug  3 09:38:11 UTC 2026
// 同步 ID: ab76cb1e @ Mon Aug  3 13:15:46 UTC 2026
// 重构日志: 792e2d47
